// Jest Snapshot v1, https://goo.gl/fbAQLP

exports[`CategoryList Component TaskList snapshot 1`] = `
<div
  className="task-list"
/>
`;
